[
    {
        "identifier": "02d47053-4034-4818-97d1-299c4cd7168d",
        "firstname": "A",
        "lastname": "B",
        "email": "a@b.com"
    }
]
